Content-Length: 393

{"jsonrpc":"2.0","id":0,"result":{"capabilities":{"textDocumentSync":{"openClose":true,"change":2,"save":{"includeText":true}},"hoverProvider":false,"definitionProvider":true,"referencesProvider":false,"documentHighlightProvider":false,"documentSymbolProvider":true,"codeActionProvider":false,"documentFormattingProvider":false,"documentRangeFormattingProvider":false,"renameProvider":false}}}Content-Length: 124

{"jsonrpc":"2.0","method":"textDocument/publishDiagnostics","params":{"uri":"file:///../files/hello.vhdl","diagnostics":[]}}