dff.vhdl:10:25: invalid use of UTF8 character for '
           if (CLEAR = ‘1’) then
                        ^
dff.vhdl:11:23: invalid use of UTF8 character for '
                Q <= ‘0’;
                      ^
dff.vhdl:12:23: invalid use of UTF8 character for '
           elsif (CLK’event and CLK = ‘1’) then
                      ^
dff.vhdl:12:42: invalid use of UTF8 character for '
           elsif (CLK’event and CLK = ‘1’) then
                                         ^
