Now is 0ms +0
Now is 25ns +0
Now is 25ns +1
Now is 50ns +0
Now is 50ns +1
Now is 75ns +0
Now is 75ns +1
Now is 100ns +0
Now is 100ns +1
Now is 125ns +0
Now is 125ns +1
Now is 126ns +0
Now is 126ns +1
Now is 127ns +0
Now is 127ns +1
Now is 150ns +0
Now is 150ns +1
Now is 175ns +0
Now is 175ns +1
Now is 175ns +2
Now is 175ns +3
Now is 177ns +0
Now is 177ns +1
Now is 178ns +0
Now is 200ns +0
Now is 200ns +1
Now is 225ns +0
Now is 225ns +1
Now is 225ns +2
Now is 225ns +3
Now is 250ns +0
Now is 250ns +1
Now is 275ns +0
Now is 275ns +1
Now is 275ns +2
Now is 275ns +3
Now is 300ns +0
Now is 300ns +1
Now is 325ns +0
Now is 325ns +1
Now is 325ns +2
Now is 325ns +3
Now is 350ns +0
Now is 350ns +1
Now is 375ns +0
Now is 375ns +1
Now is 375ns +2
Now is 375ns +3
Now is 400ns +0
Now is 400ns +1
Now is 425ns +0
Now is 425ns +1
Now is 425ns +2
Now is 425ns +3
Now is 450ns +0
Now is 450ns +1
Now is 475ns +0
Now is 475ns +1
Now is 475ns +2
Now is 475ns +3
Now is 500ns +0
Now is 500ns +1
Now is 525ns +0
Now is 525ns +1
Now is 525ns +2
Now is 525ns +3
Now is 550ns +0
Now is 550ns +1
Now is 575ns +0
Now is 575ns +1
Now is 575ns +2
Now is 575ns +3
Now is 600ns +0
Now is 600ns +1
Now is 625ns +0
Now is 625ns +1
Now is 625ns +2
Now is 625ns +3
Now is 650ns +0
Now is 650ns +1
Now is 675ns +0
Now is 675ns +1
Now is 675ns +2
Now is 675ns +3
Now is 700ns +0
Now is 700ns +1
Now is 725ns +0
Now is 725ns +1
Now is 725ns +2
Now is 725ns +3
Now is 750ns +0
Now is 750ns +1
Now is 775ns +0
Now is 775ns +1
Now is 775ns +2
Now is 775ns +3
Now is 800ns +0
Now is 800ns +1
Now is 825ns +0
Now is 825ns +1
Now is 825ns +2
Now is 825ns +3
Now is 850ns +0
Now is 850ns +1
Now is 875ns +0
Now is 875ns +1
Now is 875ns +2
Now is 875ns +3
Now is 900ns +0
Now is 900ns +1
Now is 925ns +0
Now is 925ns +1
Now is 925ns +2
Now is 925ns +3
Now is 950ns +0
Now is 950ns +1
Now is 975ns +0
Now is 975ns +1
Now is 975ns +2
Now is 975ns +3
Now is 1us +0
Now is 1us +1
info: simulation stopped by --stop-time @1us
